// Jest Snapshot v1, https://goo.gl/fbAQLP

exports[`HomePage renders correctly 1`] = `
<div
  className="jumbotron"
>
  <h1>
    Hello!
  </h1>
  <p>
    This is a home page
  </p>
</div>
`;
